                 U __exitval_ptr
                 U __gbl_ctors
