                 w __gbl_ctors
                 w __exitval_ptr
