0000000000000000 W __gbl_ctors
0000000000000000 V __exitval_ptr
