0000000000000000 D __exitval_ptr
0000000000000000 T __gbl_ctors
