                 w __exitval_ptr
                 w __gbl_ctors
