resolving lib lib1.a
Enqueueing gbl-ctors-1.o
Enqueueing gbl-ctors-2-gbl_ctors_2_work-GLOBAL_FUNCTION_DECL.o
trying lib lib1/lib1.a
Starting first resolve run
Resolving *inputfile 1 gbl-ctors-2-gbl_ctors_2_work-GLOBAL_FUNCTION_DECL.o via gbl-ctors-2-gbl_ctors_2_work-GLOBAL_FUNCTION_DECL.o
Resolving *inputfile 0 gbl-ctors-1.o via gbl-ctors-1.o
Linking gbl-ctors-1.o as 0
Linking gbl-ctors-2-gbl_ctors_2_work-GLOBAL_FUNCTION_DECL.o as 1
Resolving gbl_ctors_2_work via lib1/lib1.a::0.o/            
Linking lib1/lib1.a::0.o/             as 2
Disabling handling of special-purpose functions; '__trigger_gbl_ctors' not available
