Enqueueing gbl-ctors-1-bogus-2.o
Starting first resolve run
Resolving *inputfile 0 gbl-ctors-1-bogus-2.o via gbl-ctors-1-bogus-2.o
Linking gbl-ctors-1-bogus-2.o as 0
Disabling handling of special-purpose functions; '__trigger_gbl_ctors' not available
