Enqueueing o/a.o
Enqueueing o/f3.o
trying lib a/libf2.a
Starting first resolve run
Resolving *inputfile 1 o/f3.o via o/f3.o
Resolving *inputfile 0 o/a.o via o/a.o
Linking o/a.o as 0
Linking o/f3.o as 1
Resolving f2 via a/libf2.a::f2.o/           
unresolved symbol f1
