Enqueueing o/a.o
Enqueueing o/f3.o
Enqueueing o/f2.o
Starting first resolve run
Resolving *inputfile 2 o/f2.o via o/f2.o
Resolving *inputfile 1 o/f3.o via o/f3.o
Resolving *inputfile 0 o/a.o via o/a.o
Linking o/a.o as 0
Linking o/f3.o as 1
Linking o/f2.o as 2
unresolved symbol f1
