Enqueueing o/a.o
Starting first resolve run
Resolving *inputfile 0 o/a.o via o/a.o
Linking o/a.o as 0
unresolved symbol f3 (ignored)
unresolved symbol f1 (ignored)
Disabling handling of special-purpose functions; '__trigger_gbl_ctors' not available
