Enqueueing o/a.o
trying lib a/libf1_f3.a
Starting first resolve run
Resolving *inputfile 0 o/a.o via o/a.o
Linking o/a.o as 0
Resolving f3 via a/libf1_f3.a::f3.o/           
Resolving f1 via a/libf1_f3.a::f1.o/           
Linking a/libf1_f3.a::f1.o/            as 1
Linking a/libf1_f3.a::f3.o/            as 2
unresolved symbol f2 (ignored)
Disabling handling of special-purpose functions; '__trigger_gbl_ctors' not available
