Enqueueing o/a.o
trying lib a/libf2_f3.a
Starting first resolve run
Resolving *inputfile 0 o/a.o via o/a.o
Linking o/a.o as 0
Resolving f3 via a/libf2_f3.a::f3.o/           
unresolved symbol f1 (ignored)
Linking a/libf2_f3.a::f3.o/            as 1
Resolving f2 via a/libf2_f3.a::f2.o/           
Linking a/libf2_f3.a::f2.o/            as 2
Disabling handling of special-purpose functions; '__trigger_gbl_ctors' not available
