Enqueueing o/a.o
trying lib a/libf.a
Starting first resolve run
Resolving *inputfile 0 o/a.o
Linking o/a.o as 0
Resolving f3
Resolving f1
Linking a/libf.a::f123.o/          as 1
Disabling handling of special-purpose functions; '__trigger_gbl_ctors' not available
