error, non-GLOBAL VAR DEF is "weak": 'foo'
while scanning 'weak-non-GLOBAL-VAR_DEF.o'
