error, non-GLOBAL DECL is "weak": 'foo'
while scanning 'weak-non-GLOBAL-VAR_DECL.o'
